19:37:11 **** Incremental Build of configuration Debug for project RTOS_Example1 ****
make -j4 all 
arm-none-eabi-gcc "../Core/Src/main.c" -mcpu=cortex-m4 -std=gnu11 -g3 -DDEBUG -DUSE_HAL_DRIVER -DSTM32F407xx -c -I../USB_HOST/App -I../USB_HOST/Target -I../Core/Inc -I../Drivers/STM32F4xx_HAL_Driver/Inc -I../Drivers/STM32F4xx_HAL_Driver/Inc/Legacy -I../Middlewares/ST/STM32_USB_Host_Library/Core/Inc -I../Middlewares/ST/STM32_USB_Host_Library/Class/CDC/Inc -I../Drivers/CMSIS/Device/ST/STM32F4xx/Include -I../Drivers/CMSIS/Include -I../Middlewares/Third_Party/FreeRTOS/Source/include -I../Middlewares/Third_Party/FreeRTOS/Source/CMSIS_RTOS -I../Middlewares/Third_Party/FreeRTOS/Source/portable/GCC/ARM_CM4F -O0 -ffunction-sections -fdata-sections -Wall -fstack-usage -fcyclomatic-complexity -MMD -MP -MF"Core/Src/main.d" -MT"Core/Src/main.o" --specs=nano.specs -mfpu=fpv4-sp-d16 -mfloat-abi=hard -mthumb -o "Core/Src/main.o"
arm-none-eabi-gcc -o "RTOS_Example1.elf" @"objects.list"   -mcpu=cortex-m4 -T"C:\Users\jatov\STM32CubeIDE\RTOS_STM32\RTOS_Example1\STM32F407VGTX_FLASH.ld" --specs=nosys.specs -Wl,-Map="RTOS_Example1.map" -Wl,--gc-sections -static --specs=nano.specs -mfpu=fpv4-sp-d16 -mfloat-abi=hard -mthumb -Wl,--start-group -lc -lm -Wl,--end-group
Finished building target: RTOS_Example1.elf
 
arm-none-eabi-size   RTOS_Example1.elf 
arm-none-eabi-objdump -h -S  RTOS_Example1.elf  > "RTOS_Example1.list"
   text	   data	    bss	    dec	    hex	filename
  49760	    136	  20440	  70336	  112c0	RTOS_Example1.elf
Finished building: default.size.stdout
 
Finished building: RTOS_Example1.list
 

19:37:13 Build Finished. 0 errors, 0 warnings. (took 1s.676ms)

